------------------------------------------------------------------------------------------------------------------------------------------------------------------------------------------------------------------------------------------------------------
      name:  <unnamed>
       log:  D:\gsa\scripts\codebook_synthetic_data_v20260924.log
  log type:  text
 opened on:  25 Sep 2026, 13:12:11

. 
. codebook

------------------------------------------------------------------------------------------------------------------------------------------------------------------------------------------------------------------------------------------------------------
sampleid                                                                                                                                                                                                                                            SampleID
------------------------------------------------------------------------------------------------------------------------------------------------------------------------------------------------------------------------------------------------------------

                  Type: Numeric (long)

                 Range: [92202,1.649e+08]             Units: 1
         Unique values: 2,004                     Missing .: 0/2,004

                  Mean: 7.9e+07
             Std. dev.: 4.7e+07

           Percentiles:     10%       25%       50%       75%       90%
                        1.7e+07   3.8e+07   8.0e+07   1.2e+08   1.5e+08

------------------------------------------------------------------------------------------------------------------------------------------------------------------------------------------------------------------------------------------------------------
year                                                                                                                                                                                                                                             (unlabeled)
------------------------------------------------------------------------------------------------------------------------------------------------------------------------------------------------------------------------------------------------------------

                  Type: Numeric (float)

                 Range: [2014,2025]                   Units: 1
         Unique values: 12                        Missing .: 0/2,004

                  Mean: 2019.38
             Std. dev.: 3.44126

           Percentiles:     10%       25%       50%       75%       90%
                           2015      2016      2019      2022      2024

------------------------------------------------------------------------------------------------------------------------------------------------------------------------------------------------------------------------------------------------------------
address                                                                                                                                                                                                                                          (unlabeled)
------------------------------------------------------------------------------------------------------------------------------------------------------------------------------------------------------------------------------------------------------------

                  Type: String (str32)

         Unique values: 1,747                     Missing "": 253/2,004

              Examples: "12 Birch Grove Ln"
                        "2050 E Federal St"
                        "380 Newark Ave"
                        "7102 N 43rd Ave"

               Warning: Variable has embedded blanks.

------------------------------------------------------------------------------------------------------------------------------------------------------------------------------------------------------------------------------------------------------------
city                                                                                                                                                                                                                                             (unlabeled)
------------------------------------------------------------------------------------------------------------------------------------------------------------------------------------------------------------------------------------------------------------

                  Type: String (str19)

         Unique values: 1,240                     Missing "": 343/2,004

              Examples: "Atlanta"
                        "Effingham"
                        "Los Angeles"
                        "Riner"

               Warning: Variable has embedded blanks.

------------------------------------------------------------------------------------------------------------------------------------------------------------------------------------------------------------------------------------------------------------
state                                                                                                                                                                                                                                            (unlabeled)
------------------------------------------------------------------------------------------------------------------------------------------------------------------------------------------------------------------------------------------------------------

                  Type: String (str2)

         Unique values: 51                        Missing "": 0/2,004

              Examples: "FL"
                        "LA"
                        "NJ"
                        "SC"

------------------------------------------------------------------------------------------------------------------------------------------------------------------------------------------------------------------------------------------------------------
zip                                                                                                                                                                                                                                              (unlabeled)
------------------------------------------------------------------------------------------------------------------------------------------------------------------------------------------------------------------------------------------------------------

                  Type: String (str5)

         Unique values: 1,554                     Missing "": 342/2,004

              Examples: "03042"
                        "27896"
                        "47421"
                        "79414"

------------------------------------------------------------------------------------------------------------------------------------------------------------------------------------------------------------------------------------------------------------
social_interactions                                                                                                                                                                                                                              (unlabeled)
------------------------------------------------------------------------------------------------------------------------------------------------------------------------------------------------------------------------------------------------------------

                  Type: Numeric (float)

                 Range: [1,5]                         Units: 1
         Unique values: 5                         Missing .: 0/2,004

            Tabulation: Freq.  Value
                          154  1
                          488  2
                          802  3
                          431  4
                          129  5

------------------------------------------------------------------------------------------------------------------------------------------------------------------------------------------------------------------------------------------------------------
physical_activity                                                                                                                                                                                                                                (unlabeled)
------------------------------------------------------------------------------------------------------------------------------------------------------------------------------------------------------------------------------------------------------------

                  Type: Numeric (float)

                 Range: [1,5]                         Units: 1
         Unique values: 5                         Missing .: 0/2,004

            Tabulation: Freq.  Value
                          145  1
                          456  2
                          744  3
                          504  4
                          155  5

------------------------------------------------------------------------------------------------------------------------------------------------------------------------------------------------------------------------------------------------------------
hot_meal_days                                                                                                                                                                                                                                    (unlabeled)
------------------------------------------------------------------------------------------------------------------------------------------------------------------------------------------------------------------------------------------------------------

                  Type: Numeric (float)

                 Range: [1,7]                         Units: 1
         Unique values: 7                         Missing .: 0/2,004

            Tabulation: Freq.  Value
                            8  1
                           58  2
                          159  3
                          301  4
                          431  5
                          579  6
                          468  7

------------------------------------------------------------------------------------------------------------------------------------------------------------------------------------------------------------------------------------------------------------
loneliness                                                                                                                                                                                                                                       (unlabeled)
------------------------------------------------------------------------------------------------------------------------------------------------------------------------------------------------------------------------------------------------------------

                  Type: Numeric (float)

                 Range: [.01286385,2.9253504]         Units: 1.000e-09
         Unique values: 2,004                     Missing .: 0/2,004

                  Mean: 1.11878
             Std. dev.: .641576

           Percentiles:     10%       25%       50%       75%       90%
                        .301168   .618804   1.05368   1.56251   2.05057

------------------------------------------------------------------------------------------------------------------------------------------------------------------------------------------------------------------------------------------------------------
own_pet                                                                                                                                                                                                                                          (unlabeled)
------------------------------------------------------------------------------------------------------------------------------------------------------------------------------------------------------------------------------------------------------------

                  Type: Numeric (float)

                 Range: [0,1]                         Units: 1
         Unique values: 2                         Missing .: 0/2,004

            Tabulation: Freq.  Value
                          718  0
                        1,286  1

. capture log close
